test.aadl:9:06: ARINC653 (identifier) is not a package or a property set visible or existing
Cannot analyze AADL specifications
